Archive member included to satisfy reference by file (symbol)

/Users/andrewpbingham/.p2/pool/plugins/fr.ac6.mcu.externaltools.arm-none.macos64_1.15.0.201708311556/tools/compiler/bin/../lib/gcc/arm-none-eabi/6.3.1/../../../../arm-none-eabi/lib/thumb/v7-m/libc_nano.a(lib_a-errno.o)
                              Src/usart.o (__errno)
/Users/andrewpbingham/.p2/pool/plugins/fr.ac6.mcu.externaltools.arm-none.macos64_1.15.0.201708311556/tools/compiler/bin/../lib/gcc/arm-none-eabi/6.3.1/../../../../arm-none-eabi/lib/thumb/v7-m/libc_nano.a(lib_a-exit.o)
                              /Users/andrewpbingham/.p2/pool/plugins/fr.ac6.mcu.externaltools.arm-none.macos64_1.15.0.201708311556/tools/compiler/bin/../lib/gcc/arm-none-eabi/6.3.1/../../../../arm-none-eabi/lib/thumb/v7-m/crt0.o (exit)
/Users/andrewpbingham/.p2/pool/plugins/fr.ac6.mcu.externaltools.arm-none.macos64_1.15.0.201708311556/tools/compiler/bin/../lib/gcc/arm-none-eabi/6.3.1/../../../../arm-none-eabi/lib/thumb/v7-m/libc_nano.a(lib_a-impure.o)
                              /Users/andrewpbingham/.p2/pool/plugins/fr.ac6.mcu.externaltools.arm-none.macos64_1.15.0.201708311556/tools/compiler/bin/../lib/gcc/arm-none-eabi/6.3.1/../../../../arm-none-eabi/lib/thumb/v7-m/libc_nano.a(lib_a-exit.o) (_global_impure_ptr)
/Users/andrewpbingham/.p2/pool/plugins/fr.ac6.mcu.externaltools.arm-none.macos64_1.15.0.201708311556/tools/compiler/bin/../lib/gcc/arm-none-eabi/6.3.1/../../../../arm-none-eabi/lib/thumb/v7-m/libc_nano.a(lib_a-init.o)
                              /Users/andrewpbingham/.p2/pool/plugins/fr.ac6.mcu.externaltools.arm-none.macos64_1.15.0.201708311556/tools/compiler/bin/../lib/gcc/arm-none-eabi/6.3.1/../../../../arm-none-eabi/lib/thumb/v7-m/crt0.o (__libc_init_array)
/Users/andrewpbingham/.p2/pool/plugins/fr.ac6.mcu.externaltools.arm-none.macos64_1.15.0.201708311556/tools/compiler/bin/../lib/gcc/arm-none-eabi/6.3.1/../../../../arm-none-eabi/lib/thumb/v7-m/libc_nano.a(lib_a-memset.o)
                              /Users/andrewpbingham/.p2/pool/plugins/fr.ac6.mcu.externaltools.arm-none.macos64_1.15.0.201708311556/tools/compiler/bin/../lib/gcc/arm-none-eabi/6.3.1/../../../../arm-none-eabi/lib/thumb/v7-m/crt0.o (memset)
/Users/andrewpbingham/.p2/pool/plugins/fr.ac6.mcu.externaltools.arm-none.macos64_1.15.0.201708311556/tools/compiler/bin/../lib/gcc/arm-none-eabi/6.3.1/../../../../arm-none-eabi/lib/thumb/v7-m/libnosys.a(_exit.o)
                              /Users/andrewpbingham/.p2/pool/plugins/fr.ac6.mcu.externaltools.arm-none.macos64_1.15.0.201708311556/tools/compiler/bin/../lib/gcc/arm-none-eabi/6.3.1/../../../../arm-none-eabi/lib/thumb/v7-m/libc_nano.a(lib_a-exit.o) (_exit)

Allocating common symbols
Common symbol       size              file

hi2c1               0x54              Src/i2c.o
uwTick              0x4               Drivers/STM32F1xx_HAL_Driver/Src/stm32f1xx_hal.o
pFlash              0x20              Drivers/STM32F1xx_HAL_Driver/Src/stm32f1xx_hal_flash.o
htim5               0x40              Src/tim.o
huart1              0x40              Src/usart.o
read_address        0x2               Src/stm32f1xx_it.o
m_MREQ              0x4               Src/main.o
m_RD                0x4               Src/main.o
m_WR                0x4               Src/main.o

Discarded input sections

 .text          0x0000000000000000        0x0 /Users/andrewpbingham/.p2/pool/plugins/fr.ac6.mcu.externaltools.arm-none.macos64_1.15.0.201708311556/tools/compiler/bin/../lib/gcc/arm-none-eabi/6.3.1/thumb/v7-m/crti.o
 .data          0x0000000000000000        0x0 /Users/andrewpbingham/.p2/pool/plugins/fr.ac6.mcu.externaltools.arm-none.macos64_1.15.0.201708311556/tools/compiler/bin/../lib/gcc/arm-none-eabi/6.3.1/thumb/v7-m/crti.o
 .bss           0x0000000000000000        0x0 /Users/andrewpbingham/.p2/pool/plugins/fr.ac6.mcu.externaltools.arm-none.macos64_1.15.0.201708311556/tools/compiler/bin/../lib/gcc/arm-none-eabi/6.3.1/thumb/v7-m/crti.o
 .data          0x0000000000000000        0x4 /Users/andrewpbingham/.p2/pool/plugins/fr.ac6.mcu.externaltools.arm-none.macos64_1.15.0.201708311556/tools/compiler/bin/../lib/gcc/arm-none-eabi/6.3.1/thumb/v7-m/crtbegin.o
 .text          0x0000000000000000       0x74 /Users/andrewpbingham/.p2/pool/plugins/fr.ac6.mcu.externaltools.arm-none.macos64_1.15.0.201708311556/tools/compiler/bin/../lib/gcc/arm-none-eabi/6.3.1/../../../../arm-none-eabi/lib/thumb/v7-m/crt0.o
 .data          0x0000000000000000        0x0 /Users/andrewpbingham/.p2/pool/plugins/fr.ac6.mcu.externaltools.arm-none.macos64_1.15.0.201708311556/tools/compiler/bin/../lib/gcc/arm-none-eabi/6.3.1/../../../../arm-none-eabi/lib/thumb/v7-m/crt0.o
 .bss           0x0000000000000000        0x0 /Users/andrewpbingham/.p2/pool/plugins/fr.ac6.mcu.externaltools.arm-none.macos64_1.15.0.201708311556/tools/compiler/bin/../lib/gcc/arm-none-eabi/6.3.1/../../../../arm-none-eabi/lib/thumb/v7-m/crt0.o
[...]
Memory Configuration

Name             Origin             Length             Attributes
RAM              0x0000000020000000 0x000000000000c000 xrw
FLASH            0x0000000008000000 0x0000000000040000 xr
*default*        0x0000000000000000 0xffffffffffffffff

Linker script and memory map

LOAD /Users/andrewpbingham/.p2/pool/plugins/fr.ac6.mcu.externaltools.arm-none.macos64_1.15.0.201708311556/tools/compiler/bin/../lib/gcc/arm-none-eabi/6.3.1/thumb/v7-m/crti.o
LOAD /Users/andrewpbingham/.p2/pool/plugins/fr.ac6.mcu.externaltools.arm-none.macos64_1.15.0.201708311556/tools/compiler/bin/../lib/gcc/arm-none-eabi/6.3.1/thumb/v7-m/crtbegin.o
LOAD /Users/andrewpbingham/.p2/pool/plugins/fr.ac6.mcu.externaltools.arm-none.macos64_1.15.0.201708311556/tools/compiler/bin/../lib/gcc/arm-none-eabi/6.3.1/../../../../arm-none-eabi/lib/thumb/v7-m/crt0.o
LOAD Drivers/STM32F1xx_HAL_Driver/Src/stm32f1xx_hal.o
LOAD Drivers/STM32F1xx_HAL_Driver/Src/stm32f1xx_hal_cortex.o
LOAD Drivers/STM32F1xx_HAL_Driver/Src/stm32f1xx_hal_dma.o
LOAD Drivers/STM32F1xx_HAL_Driver/Src/stm32f1xx_hal_flash.o
LOAD Drivers/STM32F1xx_HAL_Driver/Src/stm32f1xx_hal_flash_ex.o
LOAD Drivers/STM32F1xx_HAL_Driver/Src/stm32f1xx_hal_gpio.o
LOAD Drivers/STM32F1xx_HAL_Driver/Src/stm32f1xx_hal_gpio_ex.o
LOAD Drivers/STM32F1xx_HAL_Driver/Src/stm32f1xx_hal_i2c.o
LOAD Drivers/STM32F1xx_HAL_Driver/Src/stm32f1xx_hal_pwr.o
LOAD Drivers/STM32F1xx_HAL_Driver/Src/stm32f1xx_hal_rcc.o
LOAD Drivers/STM32F1xx_HAL_Driver/Src/stm32f1xx_hal_rcc_ex.o
LOAD Drivers/STM32F1xx_HAL_Driver/Src/stm32f1xx_hal_tim.o
LOAD Drivers/STM32F1xx_HAL_Driver/Src/stm32f1xx_hal_tim_ex.o
LOAD Drivers/STM32F1xx_HAL_Driver/Src/stm32f1xx_hal_uart.o
LOAD Src/custom_types.o
LOAD Src/gpio.o
LOAD Src/i2c.o
LOAD Src/main.o
LOAD Src/memory.o
LOAD Src/stm32f1xx_hal_msp.o
LOAD Src/stm32f1xx_it.o
LOAD Src/system_stm32f1xx.o
LOAD Src/tim.o
LOAD Src/usart.o
LOAD Src/z80_functions.o
LOAD Src/z80_program.o
LOAD startup/startup_stm32f103xe.o
LOAD /Users/andrewpbingham/.p2/pool/plugins/fr.ac6.mcu.externaltools.arm-none.macos64_1.15.0.201708311556/tools/compiler/bin/../lib/gcc/arm-none-eabi/6.3.1/../../../../arm-none-eabi/lib/thumb/v7-m/libm.a
START GROUP
LOAD /Users/andrewpbingham/.p2/pool/plugins/fr.ac6.mcu.externaltools.arm-none.macos64_1.15.0.201708311556/tools/compiler/bin/../lib/gcc/arm-none-eabi/6.3.1/thumb/v7-m/libgcc.a
LOAD /Users/andrewpbingham/.p2/pool/plugins/fr.ac6.mcu.externaltools.arm-none.macos64_1.15.0.201708311556/tools/compiler/bin/../lib/gcc/arm-none-eabi/6.3.1/../../../../arm-none-eabi/lib/thumb/v7-m/libc_nano.a
END GROUP
START GROUP
LOAD /Users/andrewpbingham/.p2/pool/plugins/fr.ac6.mcu.externaltools.arm-none.macos64_1.15.0.201708311556/tools/compiler/bin/../lib/gcc/arm-none-eabi/6.3.1/thumb/v7-m/libgcc.a
LOAD /Users/andrewpbingham/.p2/pool/plugins/fr.ac6.mcu.externaltools.arm-none.macos64_1.15.0.201708311556/tools/compiler/bin/../lib/gcc/arm-none-eabi/6.3.1/../../../../arm-none-eabi/lib/thumb/v7-m/libc_nano.a
LOAD /Users/andrewpbingham/.p2/pool/plugins/fr.ac6.mcu.externaltools.arm-none.macos64_1.15.0.201708311556/tools/compiler/bin/../lib/gcc/arm-none-eabi/6.3.1/../../../../arm-none-eabi/lib/thumb/v7-m/libnosys.a
END GROUP
START GROUP
LOAD /Users/andrewpbingham/.p2/pool/plugins/fr.ac6.mcu.externaltools.arm-none.macos64_1.15.0.201708311556/tools/compiler/bin/../lib/gcc/arm-none-eabi/6.3.1/thumb/v7-m/libgcc.a
LOAD /Users/andrewpbingham/.p2/pool/plugins/fr.ac6.mcu.externaltools.arm-none.macos64_1.15.0.201708311556/tools/compiler/bin/../lib/gcc/arm-none-eabi/6.3.1/../../../../arm-none-eabi/lib/thumb/v7-m/libc_nano.a
LOAD /Users/andrewpbingham/.p2/pool/plugins/fr.ac6.mcu.externaltools.arm-none.macos64_1.15.0.201708311556/tools/compiler/bin/../lib/gcc/arm-none-eabi/6.3.1/../../../../arm-none-eabi/lib/thumb/v7-m/libnosys.a
END GROUP
LOAD /Users/andrewpbingham/.p2/pool/plugins/fr.ac6.mcu.externaltools.arm-none.macos64_1.15.0.201708311556/tools/compiler/bin/../lib/gcc/arm-none-eabi/6.3.1/thumb/v7-m/crtend.o
LOAD /Users/andrewpbingham/.p2/pool/plugins/fr.ac6.mcu.externaltools.arm-none.macos64_1.15.0.201708311556/tools/compiler/bin/../lib/gcc/arm-none-eabi/6.3.1/thumb/v7-m/crtn.o
                0x000000002000c000                _estack = 0x2000c000
                0x0000000000000200                _Min_Heap_Size = 0x200
                0x0000000000000400                _Min_Stack_Size = 0x400

.isr_vector     0x0000000008000000      0x1e4
                0x0000000008000000                . = ALIGN (0x4)
 *(.isr_vector)
 .isr_vector    0x0000000008000000      0x1e4 startup/startup_stm32f103xe.o
                0x0000000008000000                g_pfnVectors
                0x00000000080001e4                . = ALIGN (0x4)

.text           0x00000000080001e4     0x1b98
                0x00000000080001e4                . = ALIGN (0x4)
 *(.text)
 .text          0x00000000080001e4       0x6c /Users/andrewpbingham/.p2/pool/plugins/fr.ac6.mcu.externaltools.arm-none.macos64_1.15.0.201708311556/tools/compiler/bin/../lib/gcc/arm-none-eabi/6.3.1/thumb/v7-m/crtbegin.o
 *(.text*)
 .text.HAL_InitTick
                0x0000000008000250       0x2c Drivers/STM32F1xx_HAL_Driver/Src/stm32f1xx_hal.o
                0x0000000008000250                HAL_InitTick
 .text.HAL_Init
                0x000000000800027c       0x24 Drivers/STM32F1xx_HAL_Driver/Src/stm32f1xx_hal.o
                0x000000000800027c                HAL_Init
 .text.HAL_IncTick
                0x00000000080002a0       0x10 Drivers/STM32F1xx_HAL_Driver/Src/stm32f1xx_hal.o
                0x00000000080002a0                HAL_IncTick
 .text.HAL_GetTick
                0x00000000080002b0        0xc Drivers/STM32F1xx_HAL_Driver/Src/stm32f1xx_hal.o
                0x00000000080002b0                HAL_GetTick
 .text.HAL_Delay
                0x00000000080002bc       0x24 Drivers/STM32F1xx_HAL_Driver/Src/stm32f1xx_hal.o
                0x00000000080002bc                HAL_Delay
 .text.HAL_NVIC_SetPriorityGrouping
                0x00000000080002e0       0x24 Drivers/STM32F1xx_HAL_Driver/Src/stm32f1xx_hal_cortex.o
                0x00000000080002e0                HAL_NVIC_SetPriorityGrouping
 .text.HAL_NVIC_SetPriority
                0x0000000008000304       0x64 Drivers/STM32F1xx_HAL_Driver/Src/stm32f1xx_hal_cortex.o
                0x0000000008000304                HAL_NVIC_SetPriority
 .text.HAL_NVIC_EnableIRQ
                0x0000000008000368       0x18 Drivers/STM32F1xx_HAL_Driver/Src/stm32f1xx_hal_cortex.o
                0x0000000008000368                HAL_NVIC_EnableIRQ
 .text.HAL_SYSTICK_Config
                0x0000000008000380       0x2c Drivers/STM32F1xx_HAL_Driver/Src/stm32f1xx_hal_cortex.o
                0x0000000008000380                HAL_SYSTICK_Config
 .text.HAL_SYSTICK_CLKSourceConfig
                0x00000000080003ac       0x20 Drivers/STM32F1xx_HAL_Driver/Src/stm32f1xx_hal_cortex.o
                0x00000000080003ac                HAL_SYSTICK_CLKSourceConfig
 .text.HAL_SYSTICK_Callback
                0x00000000080003cc        0x2 Drivers/STM32F1xx_HAL_Driver/Src/stm32f1xx_hal_cortex.o
                0x00000000080003cc                HAL_SYSTICK_Callback
 .text.HAL_SYSTICK_IRQHandler
                0x00000000080003ce        0x8 Drivers/STM32F1xx_HAL_Driver/Src/stm32f1xx_hal_cortex.o
                0x00000000080003ce                HAL_SYSTICK_IRQHandler
 *fill*         0x00000000080003d6        0x2 
 .text.HAL_GPIO_Init
                0x00000000080003d8      0x1fc Drivers/STM32F1xx_HAL_Driver/Src/stm32f1xx_hal_gpio.o
                0x00000000080003d8                HAL_GPIO_Init
 .text.HAL_GPIO_WritePin
                0x00000000080005d4        0xc Drivers/STM32F1xx_HAL_Driver/Src/stm32f1xx_hal_gpio.o
                0x00000000080005d4                HAL_GPIO_WritePin
 .text.HAL_GPIO_EXTI_Callback
                0x00000000080005e0        0x2 Drivers/STM32F1xx_HAL_Driver/Src/stm32f1xx_hal_gpio.o
                0x00000000080005e0                HAL_GPIO_EXTI_Callback
 *fill*         0x00000000080005e2        0x2 
 .text.HAL_GPIO_EXTI_IRQHandler
                0x00000000080005e4       0x1c Drivers/STM32F1xx_HAL_Driver/Src/stm32f1xx_hal_gpio.o
                0x00000000080005e4                HAL_GPIO_EXTI_IRQHandler
 .text.HAL_I2C_Init
                0x0000000008000600      0x11c Drivers/STM32F1xx_HAL_Driver/Src/stm32f1xx_hal_i2c.o
                0x0000000008000600                HAL_I2C_Init
 .text.RCC_Delay
                0x000000000800071c       0x2c Drivers/STM32F1xx_HAL_Driver/Src/stm32f1xx_hal_rcc.o
 .text.HAL_RCC_OscConfig
                0x0000000008000748      0x3e0 Drivers/STM32F1xx_HAL_Driver/Src/stm32f1xx_hal_rcc.o
                0x0000000008000748                HAL_RCC_OscConfig
 .text.HAL_RCC_GetSysClockFreq
                0x0000000008000b28       0x6c Drivers/STM32F1xx_HAL_Driver/Src/stm32f1xx_hal_rcc.o
                0x0000000008000b28                HAL_RCC_GetSysClockFreq
 .text.HAL_RCC_ClockConfig
                0x0000000008000b94      0x178 Drivers/STM32F1xx_HAL_Driver/Src/stm32f1xx_hal_rcc.o
                0x0000000008000b94                HAL_RCC_ClockConfig
 .text.HAL_RCC_GetHCLKFreq
                0x0000000008000d0c        0xc Drivers/STM32F1xx_HAL_Driver/Src/stm32f1xx_hal_rcc.o
                0x0000000008000d0c                HAL_RCC_GetHCLKFreq
 .text.HAL_RCC_GetPCLK1Freq
                0x0000000008000d18       0x20 Drivers/STM32F1xx_HAL_Driver/Src/stm32f1xx_hal_rcc.o
                0x0000000008000d18                HAL_RCC_GetPCLK1Freq
 .text.HAL_RCC_GetPCLK2Freq
                0x0000000008000d38       0x20 Drivers/STM32F1xx_HAL_Driver/Src/stm32f1xx_hal_rcc.o
                0x0000000008000d38                HAL_RCC_GetPCLK2Freq
 .text.TIM_OC1_SetConfig
                0x0000000008000d58       0x6c Drivers/STM32F1xx_HAL_Driver/Src/stm32f1xx_hal_tim.o
 .text.TIM_OC3_SetConfig
                0x0000000008000dc4       0x74 Drivers/STM32F1xx_HAL_Driver/Src/stm32f1xx_hal_tim.o
 .text.TIM_OC4_SetConfig
                0x0000000008000e38       0x50 Drivers/STM32F1xx_HAL_Driver/Src/stm32f1xx_hal_tim.o
 .text.TIM_TI1_ConfigInputStage
                0x0000000008000e88       0x24 Drivers/STM32F1xx_HAL_Driver/Src/stm32f1xx_hal_tim.o
 .text.TIM_TI2_ConfigInputStage
                0x0000000008000eac       0x26 Drivers/STM32F1xx_HAL_Driver/Src/stm32f1xx_hal_tim.o
 .text.TIM_ITRx_SetConfig
                0x0000000008000ed2       0x10 Drivers/STM32F1xx_HAL_Driver/Src/stm32f1xx_hal_tim.o
 .text.TIM_ETR_SetConfig
                0x0000000008000ee2       0x16 Drivers/STM32F1xx_HAL_Driver/Src/stm32f1xx_hal_tim.o
 .text.HAL_TIM_PWM_MspInit
                0x0000000008000ef8        0x2 Drivers/STM32F1xx_HAL_Driver/Src/stm32f1xx_hal_tim.o
                0x0000000008000ef8                HAL_TIM_PWM_MspInit
 .text.HAL_TIM_ConfigClockSource
                0x0000000008000efa      0x108 Drivers/STM32F1xx_HAL_Driver/Src/stm32f1xx_hal_tim.o
                0x0000000008000efa                HAL_TIM_ConfigClockSource
 *fill*         0x0000000008001002        0x2 
 .text.TIM_Base_SetConfig
                0x0000000008001004       0x9c Drivers/STM32F1xx_HAL_Driver/Src/stm32f1xx_hal_tim.o
                0x0000000008001004                TIM_Base_SetConfig
 .text.HAL_TIM_Base_Init
                0x00000000080010a0       0x32 Drivers/STM32F1xx_HAL_Driver/Src/stm32f1xx_hal_tim.o
                0x00000000080010a0                HAL_TIM_Base_Init
 .text.HAL_TIM_PWM_Init
                0x00000000080010d2       0x32 Drivers/STM32F1xx_HAL_Driver/Src/stm32f1xx_hal_tim.o
                0x00000000080010d2                HAL_TIM_PWM_Init
 .text.TIM_OC2_SetConfig
                0x0000000008001104       0x74 Drivers/STM32F1xx_HAL_Driver/Src/stm32f1xx_hal_tim.o
                0x0000000008001104                TIM_OC2_SetConfig
 .text.HAL_TIM_PWM_ConfigChannel
                0x0000000008001178       0xdc Drivers/STM32F1xx_HAL_Driver/Src/stm32f1xx_hal_tim.o
                0x0000000008001178                HAL_TIM_PWM_ConfigChannel
 .text.TIM_CCxChannelCmd
                0x0000000008001254       0x1c Drivers/STM32F1xx_HAL_Driver/Src/stm32f1xx_hal_tim.o
                0x0000000008001254                TIM_CCxChannelCmd
 .text.HAL_TIM_PWM_Start
                0x0000000008001270       0x44 Drivers/STM32F1xx_HAL_Driver/Src/stm32f1xx_hal_tim.o
                0x0000000008001270                HAL_TIM_PWM_Start
 .text.HAL_TIMEx_MasterConfigSynchronization
                0x00000000080012b4       0x52 Drivers/STM32F1xx_HAL_Driver/Src/stm32f1xx_hal_tim_ex.o
                0x00000000080012b4                HAL_TIMEx_MasterConfigSynchronization
 *fill*         0x0000000008001306        0x2 
 .text.UART_SetConfig
                0x0000000008001308      0x1b0 Drivers/STM32F1xx_HAL_Driver/Src/stm32f1xx_hal_uart.o
 .text.HAL_UART_Init
                0x00000000080014b8       0x5e Drivers/STM32F1xx_HAL_Driver/Src/stm32f1xx_hal_uart.o
                0x00000000080014b8                HAL_UART_Init
 *fill*         0x0000000008001516        0x2 
 .text.MX_GPIO_Init
                0x0000000008001518      0x1f4 Src/gpio.o
                0x0000000008001518                MX_GPIO_Init
 .text.MX_I2C1_Init
                0x000000000800170c       0x44 Src/i2c.o
                0x000000000800170c                MX_I2C1_Init
 .text.HAL_I2C_MspInit
                0x0000000008001750       0x48 Src/i2c.o
                0x0000000008001750                HAL_I2C_MspInit
 .text._Error_Handler
                0x0000000008001798        0x2 Src/main.o
                0x0000000008001798                _Error_Handler
 *fill*         0x000000000800179a        0x2 
 .text.SystemClock_Config
                0x000000000800179c       0x80 Src/main.o
                0x000000000800179c                SystemClock_Config
 .text.main     0x000000000800181c       0x32 Src/main.o
                0x000000000800181c                main
 *fill*         0x000000000800184e        0x2 
 .text.HAL_MspInit
                0x0000000008001850       0x94 Src/stm32f1xx_hal_msp.o
                0x0000000008001850                HAL_MspInit
 .text.NMI_Handler
                0x00000000080018e4        0x2 Src/stm32f1xx_it.o
                0x00000000080018e4                NMI_Handler
 .text.HardFault_Handler
                0x00000000080018e6        0x2 Src/stm32f1xx_it.o
                0x00000000080018e6                HardFault_Handler
 .text.MemManage_Handler
                0x00000000080018e8        0x2 Src/stm32f1xx_it.o
                0x00000000080018e8                MemManage_Handler
 .text.BusFault_Handler
                0x00000000080018ea        0x2 Src/stm32f1xx_it.o
                0x00000000080018ea                BusFault_Handler
 .text.UsageFault_Handler
                0x00000000080018ec        0x2 Src/stm32f1xx_it.o
                0x00000000080018ec                UsageFault_Handler
 .text.SVC_Handler
                0x00000000080018ee        0x2 Src/stm32f1xx_it.o
                0x00000000080018ee                SVC_Handler
 .text.DebugMon_Handler
                0x00000000080018f0        0x2 Src/stm32f1xx_it.o
                0x00000000080018f0                DebugMon_Handler
 .text.PendSV_Handler
                0x00000000080018f2        0x2 Src/stm32f1xx_it.o
                0x00000000080018f2                PendSV_Handler
 .text.SysTick_Handler
                0x00000000080018f4        0xc Src/stm32f1xx_it.o
                0x00000000080018f4                SysTick_Handler
 .text.EXTI2_IRQHandler
                0x0000000008001900       0x1c Src/stm32f1xx_it.o
                0x0000000008001900                EXTI2_IRQHandler
 .text.EXTI9_5_IRQHandler
                0x000000000800191c       0x50 Src/stm32f1xx_it.o
                0x000000000800191c                EXTI9_5_IRQHandler
 .text.EXTI15_10_IRQHandler
                0x000000000800196c       0x24 Src/stm32f1xx_it.o
                0x000000000800196c                EXTI15_10_IRQHandler
 .text.SystemInit
                0x0000000008001990       0x4c Src/system_stm32f1xx.o
                0x0000000008001990                SystemInit
 .text.HAL_TIM_Base_MspInit
                0x00000000080019dc       0x2c Src/tim.o
                0x00000000080019dc                HAL_TIM_Base_MspInit
 .text.HAL_TIM_MspPostInit
                0x0000000008001a08       0x30 Src/tim.o
                0x0000000008001a08                HAL_TIM_MspPostInit
 .text.MX_TIM5_Init
                0x0000000008001a38       0xb4 Src/tim.o
                0x0000000008001a38                MX_TIM5_Init
 .text.MX_USART1_UART_Init
                0x0000000008001aec       0x40 Src/usart.o
                0x0000000008001aec                MX_USART1_UART_Init
 .text.HAL_UART_MspInit
                0x0000000008001b2c       0x5c Src/usart.o
                0x0000000008001b2c                HAL_UART_MspInit
 .text.read_z80_address_bus
                0x0000000008001b88        0xc Src/z80_functions.o
                0x0000000008001b88                read_z80_address_bus
 .text.write_z80_data_bus
                0x0000000008001b94       0x40 Src/z80_functions.o
                0x0000000008001b94                write_z80_data_bus
 .text.init_z80_control_signals
                0x0000000008001bd4       0x84 Src/z80_functions.o
                0x0000000008001bd4                init_z80_control_signals
 .text.update_CLK_frequency
                0x0000000008001c58       0x38 Src/z80_functions.o
                0x0000000008001c58                update_CLK_frequency
 .text.init_z80_clk
                0x0000000008001c90       0x1c Src/z80_functions.o
                0x0000000008001c90                init_z80_clk
 .text.reset_z80
                0x0000000008001cac       0x24 Src/z80_functions.o
                0x0000000008001cac                reset_z80
 .text.Reset_Handler
                0x0000000008001cd0       0x48 startup/startup_stm32f103xe.o
                0x0000000008001cd0                Reset_Handler
 .text.Default_Handler
                0x0000000008001d18        0x2 startup/startup_stm32f103xe.o
                0x0000000008001d18                DMA2_Channel3_IRQHandler
                0x0000000008001d18                TIM8_TRG_COM_IRQHandler
                0x0000000008001d18                TIM8_CC_IRQHandler
                0x0000000008001d18                TIM1_CC_IRQHandler
                0x0000000008001d18                TIM6_IRQHandler
                0x0000000008001d18                PVD_IRQHandler
                0x0000000008001d18                SDIO_IRQHandler
                0x0000000008001d18                EXTI3_IRQHandler
                0x0000000008001d18                EXTI0_IRQHandler
                0x0000000008001d18                I2C2_EV_IRQHandler
                0x0000000008001d18                ADC1_2_IRQHandler
                0x0000000008001d18                SPI1_IRQHandler
                0x0000000008001d18                TAMPER_IRQHandler
                0x0000000008001d18                TIM8_UP_IRQHandler
                0x0000000008001d18                DMA2_Channel2_IRQHandler
                0x0000000008001d18                DMA1_Channel4_IRQHandler
                0x0000000008001d18                USART3_IRQHandler
                0x0000000008001d18                RTC_IRQHandler
                0x0000000008001d18                DMA1_Channel7_IRQHandler
                0x0000000008001d18                CAN1_RX1_IRQHandler
                0x0000000008001d18                UART5_IRQHandler
                0x0000000008001d18                ADC3_IRQHandler
                0x0000000008001d18                TIM4_IRQHandler
                0x0000000008001d18                DMA2_Channel1_IRQHandler
                0x0000000008001d18                I2C1_EV_IRQHandler
                0x0000000008001d18                DMA1_Channel6_IRQHandler
                0x0000000008001d18                UART4_IRQHandler
                0x0000000008001d18                TIM3_IRQHandler
                0x0000000008001d18                RCC_IRQHandler
                0x0000000008001d18                TIM1_TRG_COM_IRQHandler
                0x0000000008001d18                DMA1_Channel1_IRQHandler
                0x0000000008001d18                Default_Handler
                0x0000000008001d18                TIM7_IRQHandler
                0x0000000008001d18                TIM5_IRQHandler
                0x0000000008001d18                SPI2_IRQHandler
                0x0000000008001d18                DMA1_Channel5_IRQHandler
                0x0000000008001d18                EXTI4_IRQHandler
                0x0000000008001d18                USB_LP_CAN1_RX0_IRQHandler
                0x0000000008001d18                USB_HP_CAN1_TX_IRQHandler
                0x0000000008001d18                DMA1_Channel3_IRQHandler
                0x0000000008001d18                FSMC_IRQHandler
                0x0000000008001d18                TIM1_UP_IRQHandler
                0x0000000008001d18                WWDG_IRQHandler
                0x0000000008001d18                TIM2_IRQHandler
                0x0000000008001d18                TIM1_BRK_IRQHandler
                0x0000000008001d18                EXTI1_IRQHandler
                0x0000000008001d18                DMA2_Channel4_5_IRQHandler
                0x0000000008001d18                USART2_IRQHandler
                0x0000000008001d18                I2C2_ER_IRQHandler
                0x0000000008001d18                DMA1_Channel2_IRQHandler
                0x0000000008001d18                TIM8_BRK_IRQHandler
                0x0000000008001d18                CAN1_SCE_IRQHandler
                0x0000000008001d18                FLASH_IRQHandler
                0x0000000008001d18                USART1_IRQHandler
                0x0000000008001d18                SPI3_IRQHandler
                0x0000000008001d18                I2C1_ER_IRQHandler
                0x0000000008001d18                USBWakeUp_IRQHandler
                0x0000000008001d18                RTC_Alarm_IRQHandler
 *fill*         0x0000000008001d1a        0x2 
 .text.__libc_init_array
                0x0000000008001d1c       0x48 /Users/andrewpbingham/.p2/pool/plugins/fr.ac6.mcu.externaltools.arm-none.macos64_1.15.0.201708311556/tools/compiler/bin/../lib/gcc/arm-none-eabi/6.3.1/../../../../arm-none-eabi/lib/thumb/v7-m/libc_nano.a(lib_a-init.o)
                0x0000000008001d1c                __libc_init_array
 *(.glue_7)
 .glue_7        0x0000000008001d64        0x0 linker stubs
 *(.glue_7t)
 .glue_7t       0x0000000008001d64        0x0 linker stubs
 *(.eh_frame)
 .eh_frame      0x0000000008001d64        0x0 /Users/andrewpbingham/.p2/pool/plugins/fr.ac6.mcu.externaltools.arm-none.macos64_1.15.0.201708311556/tools/compiler/bin/../lib/gcc/arm-none-eabi/6.3.1/thumb/v7-m/crtbegin.o
 *(.init)
 .init          0x0000000008001d64        0x4 /Users/andrewpbingham/.p2/pool/plugins/fr.ac6.mcu.externaltools.arm-none.macos64_1.15.0.201708311556/tools/compiler/bin/../lib/gcc/arm-none-eabi/6.3.1/thumb/v7-m/crti.o
                0x0000000008001d64                _init
 .init          0x0000000008001d68        0x8 /Users/andrewpbingham/.p2/pool/plugins/fr.ac6.mcu.externaltools.arm-none.macos64_1.15.0.201708311556/tools/compiler/bin/../lib/gcc/arm-none-eabi/6.3.1/thumb/v7-m/crtn.o
 *(.fini)
 .fini          0x0000000008001d70        0x4 /Users/andrewpbingham/.p2/pool/plugins/fr.ac6.mcu.externaltools.arm-none.macos64_1.15.0.201708311556/tools/compiler/bin/../lib/gcc/arm-none-eabi/6.3.1/thumb/v7-m/crti.o
                0x0000000008001d70                _fini
 .fini          0x0000000008001d74        0x8 /Users/andrewpbingham/.p2/pool/plugins/fr.ac6.mcu.externaltools.arm-none.macos64_1.15.0.201708311556/tools/compiler/bin/../lib/gcc/arm-none-eabi/6.3.1/thumb/v7-m/crtn.o
                0x0000000008001d7c                . = ALIGN (0x4)
                0x0000000008001d7c                _etext = .

.vfp11_veneer   0x0000000008001d7c        0x0
 .vfp11_veneer  0x0000000008001d7c        0x0 linker stubs

.v4_bx          0x0000000008001d7c        0x0
 .v4_bx         0x0000000008001d7c        0x0 linker stubs

.iplt           0x0000000008001d7c        0x0
 .iplt          0x0000000008001d7c        0x0 /Users/andrewpbingham/.p2/pool/plugins/fr.ac6.mcu.externaltools.arm-none.macos64_1.15.0.201708311556/tools/compiler/bin/../lib/gcc/arm-none-eabi/6.3.1/thumb/v7-m/crtbegin.o

.rodata         0x0000000008001d7c       0x6c
                0x0000000008001d7c                . = ALIGN (0x4)
 *(.rodata)
 .rodata        0x0000000008001d7c       0x12 Drivers/STM32F1xx_HAL_Driver/Src/stm32f1xx_hal_rcc.o
 *fill*         0x0000000008001d8e        0x2 
 .rodata        0x0000000008001d90       0x18 Src/system_stm32f1xx.o
                0x0000000008001d90                AHBPrescTable
                0x0000000008001da0                APBPrescTable
 *(.rodata*)
 .rodata.str1.4
                0x0000000008001da8        0xd Src/i2c.o
 *fill*         0x0000000008001db5        0x3 
 .rodata.str1.4
                0x0000000008001db8        0xe Src/main.o
 *fill*         0x0000000008001dc6        0x2 
 .rodata.str1.4
                0x0000000008001dc8        0xd Src/tim.o
 *fill*         0x0000000008001dd5        0x3 
 .rodata.str1.4
                0x0000000008001dd8       0x10 Src/usart.o
                                          0xf (size before relaxing)
                0x0000000008001de8                . = ALIGN (0x4)

.rel.dyn        0x0000000008001de8        0x0
 .rel.iplt      0x0000000008001de8        0x0 /Users/andrewpbingham/.p2/pool/plugins/fr.ac6.mcu.externaltools.arm-none.macos64_1.15.0.201708311556/tools/compiler/bin/../lib/gcc/arm-none-eabi/6.3.1/thumb/v7-m/crtbegin.o

.ARM.extab
 *(.ARM.extab* .gnu.linkonce.armextab.*)

.ARM            0x0000000008001de8        0x0
                0x0000000008001de8                __exidx_start = .
 *(.ARM.exidx*)
                0x0000000008001de8                __exidx_end = .

.preinit_array  0x0000000008001de8        0x0
                0x0000000008001de8                PROVIDE (__preinit_array_start, .)
 *(.preinit_array*)
                0x0000000008001de8                PROVIDE (__preinit_array_end, .)

.init_array     0x0000000008001de8        0x4
                0x0000000008001de8                PROVIDE (__init_array_start, .)
 *(SORT(.init_array.*))
 *(.init_array*)
 .init_array    0x0000000008001de8        0x4 /Users/andrewpbingham/.p2/pool/plugins/fr.ac6.mcu.externaltools.arm-none.macos64_1.15.0.201708311556/tools/compiler/bin/../lib/gcc/arm-none-eabi/6.3.1/thumb/v7-m/crtbegin.o
                0x0000000008001dec                PROVIDE (__init_array_end, .)

.fini_array     0x0000000008001dec        0x4
                [!provide]                        PROVIDE (__fini_array_start, .)
 *(SORT(.fini_array.*))
 *(.fini_array*)
 .fini_array    0x0000000008001dec        0x4 /Users/andrewpbingham/.p2/pool/plugins/fr.ac6.mcu.externaltools.arm-none.macos64_1.15.0.201708311556/tools/compiler/bin/../lib/gcc/arm-none-eabi/6.3.1/thumb/v7-m/crtbegin.o
                [!provide]                        PROVIDE (__fini_array_end, .)
                0x0000000008001df0                _sidata = LOADADDR (.data)

.data           0x0000000020000000        0xc load address 0x0000000008001df0
                0x0000000020000000                . = ALIGN (0x4)
                0x0000000020000000                _sdata = .
 *(.data)
 .data          0x0000000020000000        0x7 Src/stm32f1xx_it.o
                0x0000000020000000                m_program
 *fill*         0x0000000020000007        0x1 
 .data          0x0000000020000008        0x4 Src/system_stm32f1xx.o
                0x0000000020000008                SystemCoreClock
 *(.data*)
                0x000000002000000c                . = ALIGN (0x4)
                0x000000002000000c                _edata = .

.jcr            0x000000002000000c        0x0 load address 0x0000000008001dfc
 .jcr           0x000000002000000c        0x0 /Users/andrewpbingham/.p2/pool/plugins/fr.ac6.mcu.externaltools.arm-none.macos64_1.15.0.201708311556/tools/compiler/bin/../lib/gcc/arm-none-eabi/6.3.1/thumb/v7-m/crtbegin.o

.igot.plt       0x000000002000000c        0x0 load address 0x0000000008001dfc
 .igot.plt      0x000000002000000c        0x0 /Users/andrewpbingham/.p2/pool/plugins/fr.ac6.mcu.externaltools.arm-none.macos64_1.15.0.201708311556/tools/compiler/bin/../lib/gcc/arm-none-eabi/6.3.1/thumb/v7-m/crtbegin.o
                0x000000002000000c                . = ALIGN (0x4)

.bss            0x000000002000000c      0x104 load address 0x0000000008001dfc
                0x000000002000000c                _sbss = .
                0x000000002000000c                __bss_start__ = _sbss
 *(.bss)
 .bss           0x000000002000000c       0x1c /Users/andrewpbingham/.p2/pool/plugins/fr.ac6.mcu.externaltools.arm-none.macos64_1.15.0.201708311556/tools/compiler/bin/../lib/gcc/arm-none-eabi/6.3.1/thumb/v7-m/crtbegin.o
 *(.bss*)
 *(COMMON)
 COMMON         0x0000000020000028        0x4 Drivers/STM32F1xx_HAL_Driver/Src/stm32f1xx_hal.o
                0x0000000020000028                uwTick
 COMMON         0x000000002000002c       0x54 Src/i2c.o
                0x000000002000002c                hi2c1
 COMMON         0x0000000020000080        0xc Src/main.o
                0x0000000020000080                m_MREQ
                0x0000000020000084                m_RD
                0x0000000020000088                m_WR
 COMMON         0x000000002000008c        0x2 Src/stm32f1xx_it.o
                0x000000002000008c                read_address
 *fill*         0x000000002000008e        0x2 
 COMMON         0x0000000020000090       0x40 Src/tim.o
                0x0000000020000090                htim5
 COMMON         0x00000000200000d0       0x40 Src/usart.o
                0x00000000200000d0                huart1
                0x0000000020000110                . = ALIGN (0x4)
                0x0000000020000110                _ebss = .
                0x0000000020000110                __bss_end__ = _ebss

._user_heap_stack
                0x0000000020000110      0x600 load address 0x0000000008001dfc
                0x0000000020000110                . = ALIGN (0x8)
                [!provide]                        PROVIDE (end, .)
                [!provide]                        PROVIDE (_end, .)
                0x0000000020000310                . = (. + _Min_Heap_Size)
 *fill*         0x0000000020000110      0x200 
                0x0000000020000710                . = (. + _Min_Stack_Size)
 *fill*         0x0000000020000310      0x400 
                0x0000000020000710                . = ALIGN (0x8)

/DISCARD/
 libc.a(*)
 libm.a(*)
 libgcc.a(*)

.ARM.attributes
                0x0000000000000000       0x29
 *(.ARM.attributes)
 .ARM.attributes
                0x0000000000000000       0x1d /Users/andrewpbingham/.p2/pool/plugins/fr.ac6.mcu.externaltools.arm-none.macos64_1.15.0.201708311556/tools/compiler/bin/../lib/gcc/arm-none-eabi/6.3.1/thumb/v7-m/crti.o
 .ARM.attributes
                0x000000000000001d       0x2d /Users/andrewpbingham/.p2/pool/plugins/fr.ac6.mcu.externaltools.arm-none.macos64_1.15.0.201708311556/tools/compiler/bin/../lib/gcc/arm-none-eabi/6.3.1/thumb/v7-m/crtbegin.o
 .ARM.attributes
                0x000000000000004a       0x33 Drivers/STM32F1xx_HAL_Driver/Src/stm32f1xx_hal.o
 .ARM.attributes
                0x000000000000007d       0x33 Drivers/STM32F1xx_HAL_Driver/Src/stm32f1xx_hal_cortex.o
 .ARM.attributes
                0x00000000000000b0       0x33 Drivers/STM32F1xx_HAL_Driver/Src/stm32f1xx_hal_gpio.o
 .ARM.attributes
                0x00000000000000e3       0x33 Drivers/STM32F1xx_HAL_Driver/Src/stm32f1xx_hal_i2c.o
 .ARM.attributes
                0x0000000000000116       0x33 Drivers/STM32F1xx_HAL_Driver/Src/stm32f1xx_hal_rcc.o
 .ARM.attributes
                0x0000000000000149       0x33 Drivers/STM32F1xx_HAL_Driver/Src/stm32f1xx_hal_tim.o
 .ARM.attributes
                0x000000000000017c       0x33 Drivers/STM32F1xx_HAL_Driver/Src/stm32f1xx_hal_tim_ex.o
 .ARM.attributes
                0x00000000000001af       0x33 Drivers/STM32F1xx_HAL_Driver/Src/stm32f1xx_hal_uart.o
 .ARM.attributes
                0x00000000000001e2       0x33 Src/gpio.o
 .ARM.attributes
                0x0000000000000215       0x33 Src/i2c.o
 .ARM.attributes
                0x0000000000000248       0x33 Src/main.o
 .ARM.attributes
                0x000000000000027b       0x33 Src/stm32f1xx_hal_msp.o
 .ARM.attributes
                0x00000000000002ae       0x33 Src/stm32f1xx_it.o
 .ARM.attributes
                0x00000000000002e1       0x33 Src/system_stm32f1xx.o
 .ARM.attributes
                0x0000000000000314       0x33 Src/tim.o
 .ARM.attributes
                0x0000000000000347       0x33 Src/usart.o
 .ARM.attributes
                0x000000000000037a       0x33 Src/z80_functions.o
 .ARM.attributes
                0x00000000000003ad       0x21 startup/startup_stm32f103xe.o
 .ARM.attributes
                0x00000000000003ce       0x2d /Users/andrewpbingham/.p2/pool/plugins/fr.ac6.mcu.externaltools.arm-none.macos64_1.15.0.201708311556/tools/compiler/bin/../lib/gcc/arm-none-eabi/6.3.1/../../../../arm-none-eabi/lib/thumb/v7-m/libc_nano.a(lib_a-init.o)
 .ARM.attributes
                0x00000000000003fb       0x1d /Users/andrewpbingham/.p2/pool/plugins/fr.ac6.mcu.externaltools.arm-none.macos64_1.15.0.201708311556/tools/compiler/bin/../lib/gcc/arm-none-eabi/6.3.1/thumb/v7-m/crtn.o
OUTPUT(SeniorProject.elf elf32-littlearm)

.debug_info     0x0000000000000000    0x183d0
 .debug_info    0x0000000000000000      0xf4c Drivers/STM32F1xx_HAL_Driver/Src/stm32f1xx_hal.o
 .debug_info    0x0000000000000f4c     0x14e1 Drivers/STM32F1xx_HAL_Driver/Src/stm32f1xx_hal_cortex.o
 .debug_info    0x000000000000242d      0xe8b Drivers/STM32F1xx_HAL_Driver/Src/stm32f1xx_hal_gpio.o
 .debug_info    0x00000000000032b8     0x37a2 Drivers/STM32F1xx_HAL_Driver/Src/stm32f1xx_hal_i2c.o
 .debug_info    0x0000000000006a5a     0x1181 Drivers/STM32F1xx_HAL_Driver/Src/stm32f1xx_hal_rcc.o
 .debug_info    0x0000000000007bdb     0x3656 Drivers/STM32F1xx_HAL_Driver/Src/stm32f1xx_hal_tim.o
 .debug_info    0x000000000000b231     0x1ad1 Drivers/STM32F1xx_HAL_Driver/Src/stm32f1xx_hal_tim_ex.o
 .debug_info    0x000000000000cd02     0x1e7e Drivers/STM32F1xx_HAL_Driver/Src/stm32f1xx_hal_uart.o
 .debug_info    0x000000000000eb80      0xffa Src/gpio.o
 .debug_info    0x000000000000fb7a     0x1090 Src/i2c.o
 .debug_info    0x0000000000010c0a     0x1870 Src/main.o
 .debug_info    0x000000000001247a      0xd21 Src/stm32f1xx_hal_msp.o
 .debug_info    0x000000000001319b      0xccd Src/stm32f1xx_it.o
 .debug_info    0x0000000000013e68      0xc1b Src/system_stm32f1xx.o
 .debug_info    0x0000000000014a83     0x12a6 Src/tim.o
 .debug_info    0x0000000000015d29     0x1135 Src/usart.o
 .debug_info    0x0000000000016e5e     0x14ef Src/z80_functions.o
 .debug_info    0x000000000001834d       0x83 startup/startup_stm32f103xe.o

.debug_abbrev   0x0000000000000000     0x2e52
 .debug_abbrev  0x0000000000000000      0x2e5 Drivers/STM32F1xx_HAL_Driver/Src/stm32f1xx_hal.o
 .debug_abbrev  0x00000000000002e5      0x3cb Drivers/STM32F1xx_HAL_Driver/Src/stm32f1xx_hal_cortex.o
 .debug_abbrev  0x00000000000006b0      0x2a5 Drivers/STM32F1xx_HAL_Driver/Src/stm32f1xx_hal_gpio.o
 .debug_abbrev  0x0000000000000955      0x306 Drivers/STM32F1xx_HAL_Driver/Src/stm32f1xx_hal_i2c.o
 .debug_abbrev  0x0000000000000c5b      0x320 Drivers/STM32F1xx_HAL_Driver/Src/stm32f1xx_hal_rcc.o
 .debug_abbrev  0x0000000000000f7b      0x2eb Drivers/STM32F1xx_HAL_Driver/Src/stm32f1xx_hal_tim.o
 .debug_abbrev  0x0000000000001266      0x2dc Drivers/STM32F1xx_HAL_Driver/Src/stm32f1xx_hal_tim_ex.o
 .debug_abbrev  0x0000000000001542      0x306 Drivers/STM32F1xx_HAL_Driver/Src/stm32f1xx_hal_uart.o
 .debug_abbrev  0x0000000000001848      0x243 Src/gpio.o
 .debug_abbrev  0x0000000000001a8b      0x256 Src/i2c.o
 .debug_abbrev  0x0000000000001ce1      0x2b9 Src/main.o
 .debug_abbrev  0x0000000000001f9a      0x232 Src/stm32f1xx_hal_msp.o
 .debug_abbrev  0x00000000000021cc      0x280 Src/stm32f1xx_it.o
 .debug_abbrev  0x000000000000244c      0x226 Src/system_stm32f1xx.o
 .debug_abbrev  0x0000000000002672      0x272 Src/tim.o
 .debug_abbrev  0x00000000000028e4      0x2a0 Src/usart.o
 .debug_abbrev  0x0000000000002b84      0x2bc Src/z80_functions.o
 .debug_abbrev  0x0000000000002e40       0x12 startup/startup_stm32f103xe.o

.debug_loc      0x0000000000000000     0x9c62
 .debug_loc     0x0000000000000000       0x69 Drivers/STM32F1xx_HAL_Driver/Src/stm32f1xx_hal.o
 .debug_loc     0x0000000000000069      0x5ad Drivers/STM32F1xx_HAL_Driver/Src/stm32f1xx_hal_cortex.o
 .debug_loc     0x0000000000000616      0x40b Drivers/STM32F1xx_HAL_Driver/Src/stm32f1xx_hal_gpio.o
 .debug_loc     0x0000000000000a21     0x31b6 Drivers/STM32F1xx_HAL_Driver/Src/stm32f1xx_hal_i2c.o
 .debug_loc     0x0000000000003bd7      0x483 Drivers/STM32F1xx_HAL_Driver/Src/stm32f1xx_hal_rcc.o
 .debug_loc     0x000000000000405a     0x34c7 Drivers/STM32F1xx_HAL_Driver/Src/stm32f1xx_hal_tim.o
 .debug_loc     0x0000000000007521      0xec0 Drivers/STM32F1xx_HAL_Driver/Src/stm32f1xx_hal_tim_ex.o
 .debug_loc     0x00000000000083e1     0x1515 Drivers/STM32F1xx_HAL_Driver/Src/stm32f1xx_hal_uart.o
 .debug_loc     0x00000000000098f6       0x5b Src/i2c.o
 .debug_loc     0x0000000000009951       0xdf Src/system_stm32f1xx.o
 .debug_loc     0x0000000000009a30       0x21 Src/tim.o
 .debug_loc     0x0000000000009a51      0x12e Src/usart.o
 .debug_loc     0x0000000000009b7f       0xe3 Src/z80_functions.o

.debug_aranges  0x0000000000000000      0xd38
 .debug_aranges
                0x0000000000000000       0xb8 Drivers/STM32F1xx_HAL_Driver/Src/stm32f1xx_hal.o
 .debug_aranges
                0x00000000000000b8       0x90 Drivers/STM32F1xx_HAL_Driver/Src/stm32f1xx_hal_cortex.o
 .debug_aranges
                0x0000000000000148       0x58 Drivers/STM32F1xx_HAL_Driver/Src/stm32f1xx_hal_gpio.o
 .debug_aranges
                0x00000000000001a0      0x268 Drivers/STM32F1xx_HAL_Driver/Src/stm32f1xx_hal_i2c.o
 .debug_aranges
                0x0000000000000408       0x90 Drivers/STM32F1xx_HAL_Driver/Src/stm32f1xx_hal_rcc.o
 .debug_aranges
                0x0000000000000498      0x368 Drivers/STM32F1xx_HAL_Driver/Src/stm32f1xx_hal_tim.o
 .debug_aranges
                0x0000000000000800      0x138 Drivers/STM32F1xx_HAL_Driver/Src/stm32f1xx_hal_tim_ex.o
 .debug_aranges
                0x0000000000000938      0x1d0 Drivers/STM32F1xx_HAL_Driver/Src/stm32f1xx_hal_uart.o
 .debug_aranges
                0x0000000000000b08       0x20 Src/gpio.o
 .debug_aranges
                0x0000000000000b28       0x30 Src/i2c.o
 .debug_aranges
                0x0000000000000b58       0x30 Src/main.o
 .debug_aranges
                0x0000000000000b88       0x20 Src/stm32f1xx_hal_msp.o
 .debug_aranges
                0x0000000000000ba8       0x78 Src/stm32f1xx_it.o
 .debug_aranges
                0x0000000000000c20       0x28 Src/system_stm32f1xx.o
 .debug_aranges
                0x0000000000000c48       0x38 Src/tim.o
 .debug_aranges
                0x0000000000000c80       0x38 Src/usart.o
 .debug_aranges
                0x0000000000000cb8       0x58 Src/z80_functions.o
 .debug_aranges
                0x0000000000000d10       0x28 startup/startup_stm32f103xe.o

.debug_ranges   0x0000000000000000      0xca0
 .debug_ranges  0x0000000000000000       0xa8 Drivers/STM32F1xx_HAL_Driver/Src/stm32f1xx_hal.o
 .debug_ranges  0x00000000000000a8       0xe0 Drivers/STM32F1xx_HAL_Driver/Src/stm32f1xx_hal_cortex.o
 .debug_ranges  0x0000000000000188       0x48 Drivers/STM32F1xx_HAL_Driver/Src/stm32f1xx_hal_gpio.o
 .debug_ranges  0x00000000000001d0      0x258 Drivers/STM32F1xx_HAL_Driver/Src/stm32f1xx_hal_i2c.o
 .debug_ranges  0x0000000000000428       0xa0 Drivers/STM32F1xx_HAL_Driver/Src/stm32f1xx_hal_rcc.o
 .debug_ranges  0x00000000000004c8      0x358 Drivers/STM32F1xx_HAL_Driver/Src/stm32f1xx_hal_tim.o
 .debug_ranges  0x0000000000000820      0x128 Drivers/STM32F1xx_HAL_Driver/Src/stm32f1xx_hal_tim_ex.o
 .debug_ranges  0x0000000000000948      0x1c0 Drivers/STM32F1xx_HAL_Driver/Src/stm32f1xx_hal_uart.o
 .debug_ranges  0x0000000000000b08       0x10 Src/gpio.o
 .debug_ranges  0x0000000000000b18       0x20 Src/i2c.o
 .debug_ranges  0x0000000000000b38       0x20 Src/main.o
 .debug_ranges  0x0000000000000b58       0x10 Src/stm32f1xx_hal_msp.o
 .debug_ranges  0x0000000000000b68       0x68 Src/stm32f1xx_it.o
 .debug_ranges  0x0000000000000bd0       0x18 Src/system_stm32f1xx.o
 .debug_ranges  0x0000000000000be8       0x28 Src/tim.o
 .debug_ranges  0x0000000000000c10       0x28 Src/usart.o
 .debug_ranges  0x0000000000000c38       0x48 Src/z80_functions.o
 .debug_ranges  0x0000000000000c80       0x20 startup/startup_stm32f103xe.o

.debug_macro    0x0000000000000000    0x18781
 .debug_macro   0x0000000000000000      0x314 Drivers/STM32F1xx_HAL_Driver/Src/stm32f1xx_hal.o
 .debug_macro   0x0000000000000314      0x8bc Drivers/STM32F1xx_HAL_Driver/Src/stm32f1xx_hal.o
 .debug_macro   0x0000000000000bd0      0x26a Drivers/STM32F1xx_HAL_Driver/Src/stm32f1xx_hal.o
 .debug_macro   0x0000000000000e3a      0x16f Drivers/STM32F1xx_HAL_Driver/Src/stm32f1xx_hal.o
 .debug_macro   0x0000000000000fa9       0x2e Drivers/STM32F1xx_HAL_Driver/Src/stm32f1xx_hal.o
 .debug_macro   0x0000000000000fd7       0x22 Drivers/STM32F1xx_HAL_Driver/Src/stm32f1xx_hal.o
 .debug_macro   0x0000000000000ff9       0x22 Drivers/STM32F1xx_HAL_Driver/Src/stm32f1xx_hal.o
 .debug_macro   0x000000000000101b       0x87 Drivers/STM32F1xx_HAL_Driver/Src/stm32f1xx_hal.o
 .debug_macro   0x00000000000010a2       0x51 Drivers/STM32F1xx_HAL_Driver/Src/stm32f1xx_hal.o
 .debug_macro   0x00000000000010f3       0xef Drivers/STM32F1xx_HAL_Driver/Src/stm32f1xx_hal.o
 .debug_macro   0x00000000000011e2       0x6a Drivers/STM32F1xx_HAL_Driver/Src/stm32f1xx_hal.o
 .debug_macro   0x000000000000124c      0x1df Drivers/STM32F1xx_HAL_Driver/Src/stm32f1xx_hal.o
 .debug_macro   0x000000000000142b       0x34 Drivers/STM32F1xx_HAL_Driver/Src/stm32f1xx_hal.o
 .debug_macro   0x000000000000145f       0x34 Drivers/STM32F1xx_HAL_Driver/Src/stm32f1xx_hal.o
 .debug_macro   0x0000000000001493      0xb8e Drivers/STM32F1xx_HAL_Driver/Src/stm32f1xx_hal.o
 .debug_macro   0x0000000000002021     0xfd7e Drivers/STM32F1xx_HAL_Driver/Src/stm32f1xx_hal.o
 .debug_macro   0x0000000000011d9f       0x43 Drivers/STM32F1xx_HAL_Driver/Src/stm32f1xx_hal.o
 .debug_macro   0x0000000000011de2       0x58 Drivers/STM32F1xx_HAL_Driver/Src/stm32f1xx_hal.o
 .debug_macro   0x0000000000011e3a       0x35 Drivers/STM32F1xx_HAL_Driver/Src/stm32f1xx_hal.o
 .debug_macro   0x0000000000011e6f       0x9c Drivers/STM32F1xx_HAL_Driver/Src/stm32f1xx_hal.o
 .debug_macro   0x0000000000011f0b       0x16 Drivers/STM32F1xx_HAL_Driver/Src/stm32f1xx_hal.o
 .debug_macro   0x0000000000011f21       0x97 Drivers/STM32F1xx_HAL_Driver/Src/stm32f1xx_hal.o
 .debug_macro   0x0000000000011fb8      0x330 Drivers/STM32F1xx_HAL_Driver/Src/stm32f1xx_hal.o
 .debug_macro   0x00000000000122e8       0xfd Drivers/STM32F1xx_HAL_Driver/Src/stm32f1xx_hal.o
 .debug_macro   0x00000000000123e5       0x10 Drivers/STM32F1xx_HAL_Driver/Src/stm32f1xx_hal.o
 .debug_macro   0x00000000000123f5       0x58 Drivers/STM32F1xx_HAL_Driver/Src/stm32f1xx_hal.o
 .debug_macro   0x000000000001244d       0x1f Drivers/STM32F1xx_HAL_Driver/Src/stm32f1xx_hal.o
 .debug_macro   0x000000000001246c       0x43 Drivers/STM32F1xx_HAL_Driver/Src/stm32f1xx_hal.o
 .debug_macro   0x00000000000124af       0x20 Drivers/STM32F1xx_HAL_Driver/Src/stm32f1xx_hal.o
 .debug_macro   0x00000000000124cf      0x187 Drivers/STM32F1xx_HAL_Driver/Src/stm32f1xx_hal.o
 .debug_macro   0x0000000000012656       0x10 Drivers/STM32F1xx_HAL_Driver/Src/stm32f1xx_hal.o
 .debug_macro   0x0000000000012666       0x1c Drivers/STM32F1xx_HAL_Driver/Src/stm32f1xx_hal.o
 .debug_macro   0x0000000000012682       0x52 Drivers/STM32F1xx_HAL_Driver/Src/stm32f1xx_hal.o
 .debug_macro   0x00000000000126d4       0x40 Drivers/STM32F1xx_HAL_Driver/Src/stm32f1xx_hal.o
 .debug_macro   0x0000000000012714       0x10 Drivers/STM32F1xx_HAL_Driver/Src/stm32f1xx_hal.o
 .debug_macro   0x0000000000012724       0x40 Drivers/STM32F1xx_HAL_Driver/Src/stm32f1xx_hal.o
 .debug_macro   0x0000000000012764       0xd7 Drivers/STM32F1xx_HAL_Driver/Src/stm32f1xx_hal.o
 .debug_macro   0x000000000001283b       0x16 Drivers/STM32F1xx_HAL_Driver/Src/stm32f1xx_hal.o
 .debug_macro   0x0000000000012851      0x18b Drivers/STM32F1xx_HAL_Driver/Src/stm32f1xx_hal.o
 .debug_macro   0x00000000000129dc       0x50 Drivers/STM32F1xx_HAL_Driver/Src/stm32f1xx_hal.o
 .debug_macro   0x0000000000012a2c      0x5c2 Drivers/STM32F1xx_HAL_Driver/Src/stm32f1xx_hal.o
 .debug_macro   0x0000000000012fee      0x4d7 Drivers/STM32F1xx_HAL_Driver/Src/stm32f1xx_hal.o
 .debug_macro   0x00000000000134c5      0x1cb Drivers/STM32F1xx_HAL_Driver/Src/stm32f1xx_hal.o
 .debug_macro   0x0000000000013690      0x11e Drivers/STM32F1xx_HAL_Driver/Src/stm32f1xx_hal.o
 .debug_macro   0x00000000000137ae      0x1cf Drivers/STM32F1xx_HAL_Driver/Src/stm32f1xx_hal.o
 .debug_macro   0x000000000001397d       0x27 Drivers/STM32F1xx_HAL_Driver/Src/stm32f1xx_hal.o
 .debug_macro   0x00000000000139a4      0x1bc Drivers/STM32F1xx_HAL_Driver/Src/stm32f1xx_hal.o
 .debug_macro   0x0000000000013b60       0x31 Drivers/STM32F1xx_HAL_Driver/Src/stm32f1xx_hal.o
 .debug_macro   0x0000000000013b91       0x3c Drivers/STM32F1xx_HAL_Driver/Src/stm32f1xx_hal.o
 .debug_macro   0x0000000000013bcd       0x57 Drivers/STM32F1xx_HAL_Driver/Src/stm32f1xx_hal.o
 .debug_macro   0x0000000000013c24       0x8c Drivers/STM32F1xx_HAL_Driver/Src/stm32f1xx_hal.o
 .debug_macro   0x0000000000013cb0      0x250 Drivers/STM32F1xx_HAL_Driver/Src/stm32f1xx_hal.o
 .debug_macro   0x0000000000013f00      0x248 Drivers/STM32F1xx_HAL_Driver/Src/stm32f1xx_hal.o
 .debug_macro   0x0000000000014148      0x143 Drivers/STM32F1xx_HAL_Driver/Src/stm32f1xx_hal.o
 .debug_macro   0x000000000001428b      0x84c Drivers/STM32F1xx_HAL_Driver/Src/stm32f1xx_hal.o
 .debug_macro   0x0000000000014ad7       0x1f Drivers/STM32F1xx_HAL_Driver/Src/stm32f1xx_hal.o
 .debug_macro   0x0000000000014af6      0x26b Drivers/STM32F1xx_HAL_Driver/Src/stm32f1xx_hal.o
 .debug_macro   0x0000000000014d61       0xae Drivers/STM32F1xx_HAL_Driver/Src/stm32f1xx_hal.o
 .debug_macro   0x0000000000014e0f      0x2f0 Drivers/STM32F1xx_HAL_Driver/Src/stm32f1xx_hal_cortex.o
 .debug_macro   0x00000000000150ff      0x360 Drivers/STM32F1xx_HAL_Driver/Src/stm32f1xx_hal_gpio.o
 .debug_macro   0x000000000001545f      0x330 Drivers/STM32F1xx_HAL_Driver/Src/stm32f1xx_hal_i2c.o
 .debug_macro   0x000000000001578f      0x302 Drivers/STM32F1xx_HAL_Driver/Src/stm32f1xx_hal_rcc.o
 .debug_macro   0x0000000000015a91      0x2f1 Drivers/STM32F1xx_HAL_Driver/Src/stm32f1xx_hal_tim.o
 .debug_macro   0x0000000000015d82      0x2f0 Drivers/STM32F1xx_HAL_Driver/Src/stm32f1xx_hal_tim_ex.o
 .debug_macro   0x0000000000016072      0x2f1 Drivers/STM32F1xx_HAL_Driver/Src/stm32f1xx_hal_uart.o
 .debug_macro   0x0000000000016363      0x2fa Src/gpio.o
 .debug_macro   0x000000000001665d      0x304 Src/i2c.o
 .debug_macro   0x0000000000016961      0x381 Src/main.o
 .debug_macro   0x0000000000016ce2       0x16 Src/main.o
 .debug_macro   0x0000000000016cf8       0x35 Src/main.o
 .debug_macro   0x0000000000016d2d       0x16 Src/main.o
 .debug_macro   0x0000000000016d43       0x29 Src/main.o
 .debug_macro   0x0000000000016d6c       0x16 Src/main.o
 .debug_macro   0x0000000000016d82      0x2f0 Src/stm32f1xx_hal_msp.o
 .debug_macro   0x0000000000017072      0x308 Src/stm32f1xx_it.o
 .debug_macro   0x000000000001737a      0x2f6 Src/system_stm32f1xx.o
 .debug_macro   0x0000000000017670      0x2fa Src/tim.o
 .debug_macro   0x000000000001796a      0x32d Src/usart.o
 .debug_macro   0x0000000000017c97       0x10 Src/usart.o
 .debug_macro   0x0000000000017ca7      0x241 Src/usart.o
 .debug_macro   0x0000000000017ee8       0x16 Src/usart.o
 .debug_macro   0x0000000000017efe      0x51a Src/usart.o
 .debug_macro   0x0000000000018418      0x369 Src/z80_functions.o

.debug_line     0x0000000000000000     0xbd4c
 .debug_line    0x0000000000000000      0x8ea Drivers/STM32F1xx_HAL_Driver/Src/stm32f1xx_hal.o
 .debug_line    0x00000000000008ea      0x92c Drivers/STM32F1xx_HAL_Driver/Src/stm32f1xx_hal_cortex.o
 .debug_line    0x0000000000001216      0x944 Drivers/STM32F1xx_HAL_Driver/Src/stm32f1xx_hal_gpio.o
 .debug_line    0x0000000000001b5a     0x19fa Drivers/STM32F1xx_HAL_Driver/Src/stm32f1xx_hal_i2c.o
 .debug_line    0x0000000000003554      0xa21 Drivers/STM32F1xx_HAL_Driver/Src/stm32f1xx_hal_rcc.o
 .debug_line    0x0000000000003f75     0x1875 Drivers/STM32F1xx_HAL_Driver/Src/stm32f1xx_hal_tim.o
 .debug_line    0x00000000000057ea      0xd0c Drivers/STM32F1xx_HAL_Driver/Src/stm32f1xx_hal_tim_ex.o
 .debug_line    0x00000000000064f6     0x105e Drivers/STM32F1xx_HAL_Driver/Src/stm32f1xx_hal_uart.o
 .debug_line    0x0000000000007554      0x7b1 Src/gpio.o
 .debug_line    0x0000000000007d05      0x7b1 Src/i2c.o
 .debug_line    0x00000000000084b6      0x858 Src/main.o
 .debug_line    0x0000000000008d0e      0x77d Src/stm32f1xx_hal_msp.o
 .debug_line    0x000000000000948b      0x85c Src/stm32f1xx_it.o
 .debug_line    0x0000000000009ce7      0x7b1 Src/system_stm32f1xx.o
 .debug_line    0x000000000000a498      0x7cf Src/tim.o
 .debug_line    0x000000000000ac67      0x7f3 Src/usart.o
 .debug_line    0x000000000000b45a      0x875 Src/z80_functions.o
 .debug_line    0x000000000000bccf       0x7d startup/startup_stm32f103xe.o

.debug_str      0x0000000000000000    0x7ff51
 .debug_str     0x0000000000000000    0x7b2b2 Drivers/STM32F1xx_HAL_Driver/Src/stm32f1xx_hal.o
                                      0x7b76b (size before relaxing)
 .debug_str     0x000000000007b2b2      0x2e1 Drivers/STM32F1xx_HAL_Driver/Src/stm32f1xx_hal_cortex.o
                                      0x7b776 (size before relaxing)
 .debug_str     0x000000000007b593      0x3aa Drivers/STM32F1xx_HAL_Driver/Src/stm32f1xx_hal_gpio.o
                                      0x7b3d9 (size before relaxing)
 .debug_str     0x000000000007b93d      0xeb6 Drivers/STM32F1xx_HAL_Driver/Src/stm32f1xx_hal_i2c.o
                                      0x7bf12 (size before relaxing)
 .debug_str     0x000000000007c7f3      0x348 Drivers/STM32F1xx_HAL_Driver/Src/stm32f1xx_hal_rcc.o
                                      0x7b42e (size before relaxing)
 .debug_str     0x000000000007cb3b      0xf1b Drivers/STM32F1xx_HAL_Driver/Src/stm32f1xx_hal_tim.o
                                      0x7c12e (size before relaxing)
 .debug_str     0x000000000007da56      0x4f1 Drivers/STM32F1xx_HAL_Driver/Src/stm32f1xx_hal_tim_ex.o
                                      0x7b9d0 (size before relaxing)
 .debug_str     0x000000000007df47      0x6b9 Drivers/STM32F1xx_HAL_Driver/Src/stm32f1xx_hal_uart.o
                                      0x7b947 (size before relaxing)
 .debug_str     0x000000000007e600       0x35 Src/gpio.o
                                      0x7b45c (size before relaxing)
 .debug_str     0x000000000007e635       0x42 Src/i2c.o
                                      0x7b52a (size before relaxing)
 .debug_str     0x000000000007e677      0x226 Src/main.o
                                      0x7bf42 (size before relaxing)
 .debug_str     0x000000000007e89d       0x1b Src/stm32f1xx_hal_msp.o
                                      0x7b3fe (size before relaxing)
 .debug_str     0x000000000007e8b8      0x133 Src/stm32f1xx_it.o
                                      0x7b181 (size before relaxing)
 .debug_str     0x000000000007e9eb       0x69 Src/system_stm32f1xx.o
                                      0x7b084 (size before relaxing)
 .debug_str     0x000000000007ea54       0x44 Src/tim.o
                                      0x7b617 (size before relaxing)
 .debug_str     0x000000000007ea98     0x145f Src/usart.o
                                      0x7c8d7 (size before relaxing)
 .debug_str     0x000000000007fef7       0x5a Src/z80_functions.o
                                      0x7cbc1 (size before relaxing)

.comment        0x0000000000000000       0x7f
 .comment       0x0000000000000000       0x7f Drivers/STM32F1xx_HAL_Driver/Src/stm32f1xx_hal.o
                                         0x80 (size before relaxing)
 .comment       0x000000000000007f       0x80 Drivers/STM32F1xx_HAL_Driver/Src/stm32f1xx_hal_cortex.o
 .comment       0x000000000000007f       0x80 Drivers/STM32F1xx_HAL_Driver/Src/stm32f1xx_hal_gpio.o
 .comment       0x000000000000007f       0x80 Drivers/STM32F1xx_HAL_Driver/Src/stm32f1xx_hal_i2c.o
 .comment       0x000000000000007f       0x80 Drivers/STM32F1xx_HAL_Driver/Src/stm32f1xx_hal_rcc.o
 .comment       0x000000000000007f       0x80 Drivers/STM32F1xx_HAL_Driver/Src/stm32f1xx_hal_tim.o
 .comment       0x000000000000007f       0x80 Drivers/STM32F1xx_HAL_Driver/Src/stm32f1xx_hal_tim_ex.o
 .comment       0x000000000000007f       0x80 Drivers/STM32F1xx_HAL_Driver/Src/stm32f1xx_hal_uart.o
 .comment       0x000000000000007f       0x80 Src/gpio.o
 .comment       0x000000000000007f       0x80 Src/i2c.o
 .comment       0x000000000000007f       0x80 Src/main.o
 .comment       0x000000000000007f       0x80 Src/stm32f1xx_hal_msp.o
 .comment       0x000000000000007f       0x80 Src/stm32f1xx_it.o
 .comment       0x000000000000007f       0x80 Src/system_stm32f1xx.o
 .comment       0x000000000000007f       0x80 Src/tim.o
 .comment       0x000000000000007f       0x80 Src/usart.o
 .comment       0x000000000000007f       0x80 Src/z80_functions.o

.debug_frame    0x0000000000000000     0x23a0
 .debug_frame   0x0000000000000000      0x178 Drivers/STM32F1xx_HAL_Driver/Src/stm32f1xx_hal.o
 .debug_frame   0x0000000000000178      0x12c Drivers/STM32F1xx_HAL_Driver/Src/stm32f1xx_hal_cortex.o
 .debug_frame   0x00000000000002a4       0xe4 Drivers/STM32F1xx_HAL_Driver/Src/stm32f1xx_hal_gpio.o
 .debug_frame   0x0000000000000388      0x848 Drivers/STM32F1xx_HAL_Driver/Src/stm32f1xx_hal_i2c.o
 .debug_frame   0x0000000000000bd0      0x164 Drivers/STM32F1xx_HAL_Driver/Src/stm32f1xx_hal_rcc.o
 .debug_frame   0x0000000000000d34      0x9e0 Drivers/STM32F1xx_HAL_Driver/Src/stm32f1xx_hal_tim.o
 .debug_frame   0x0000000000001714      0x374 Drivers/STM32F1xx_HAL_Driver/Src/stm32f1xx_hal_tim_ex.o
 .debug_frame   0x0000000000001a88      0x4e8 Drivers/STM32F1xx_HAL_Driver/Src/stm32f1xx_hal_uart.o
 .debug_frame   0x0000000000001f70       0x3c Src/gpio.o
 .debug_frame   0x0000000000001fac       0x5c Src/i2c.o
 .debug_frame   0x0000000000002008       0x58 Src/main.o
 .debug_frame   0x0000000000002060       0x2c Src/stm32f1xx_hal_msp.o
 .debug_frame   0x000000000000208c       0xf0 Src/stm32f1xx_it.o
 .debug_frame   0x000000000000217c       0x30 Src/system_stm32f1xx.o
 .debug_frame   0x00000000000021ac       0x74 Src/tim.o
 .debug_frame   0x0000000000002220       0x78 Src/usart.o
 .debug_frame   0x0000000000002298       0xdc Src/z80_functions.o
 .debug_frame   0x0000000000002374       0x2c /Users/andrewpbingham/.p2/pool/plugins/fr.ac6.mcu.externaltools.arm-none.macos64_1.15.0.201708311556/tools/compiler/bin/../lib/gcc/arm-none-eabi/6.3.1/../../../../arm-none-eabi/lib/thumb/v7-m/libc_nano.a(lib_a-init.o)
